// Jest Snapshot v1, https://goo.gl/fbAQLP

exports[`Test Offer test renderer 1`] = `null`;
