// Jest Snapshot v1, https://goo.gl/fbAQLP

exports[`Test App Test App renderer 1`] = `
<div>
  <h1>
    React application
  </h1>
</div>
`;
